// Jest Snapshot v1, https://goo.gl/fbAQLP

exports[`happy 1`] = `
Object {
  "functionName": "minimalBasketPrice",
  "sortedTestInputs": Array [
    "maxPrice",
    "vendorsDelivery",
    "vendorsProducts",
  ],
  "testCases": Array [
    Object {
      "expected": "[1, 2]",
      "testInputs": Object {
        "maxPrice": "7",
        "vendorsDelivery": "[5, 4, 2, 3]",
        "vendorsProducts": "[[1,1,1], 
 [3,-1,3], 
 [-1,2,2], 
 [5,-1,-1]]",
      },
    },
    Object {
      "expected": "[1, 2, 3]",
      "testInputs": Object {
        "maxPrice": "6",
        "vendorsDelivery": "[1, 5, 10, 12]",
        "vendorsProducts": "[[-1,-1,-1], 
 [3,-1,-1], 
 [-1,2,-1], 
 [-1,-1,1]]",
      },
    },
    Object {
      "expected": "[0]",
      "testInputs": Object {
        "maxPrice": "5",
        "vendorsDelivery": "[5, 6]",
        "vendorsProducts": "[[5], 
 [6]]",
      },
    },
    Object {
      "expected": "[0]",
      "testInputs": Object {
        "maxPrice": "1000000",
        "vendorsDelivery": "[1000000]",
        "vendorsProducts": "[[1000000]]",
      },
    },
    Object {
      "expected": "[0, 2, 3]",
      "testInputs": Object {
        "maxPrice": "6",
        "vendorsDelivery": "[100, 5, 10, 12]",
        "vendorsProducts": "[[3,4,4], 
 [4,4,4], 
 [4,2,4], 
 [4,4,1]]",
      },
    },
    Object {
      "expected": "[0]",
      "testInputs": Object {
        "maxPrice": "10",
        "vendorsDelivery": "[1]",
        "vendorsProducts": "[[10]]",
      },
    },
  ],
}
`;
